760fa662-89cf-4ebd-9664-150b7637ddd4
222f92152794194e2e619a3b9b847c2a6c13810f7e481a3ae588553f6e3e952c8d5c855856ae6ccac568da2409f008071dab0705b112d2d339a17c7cab572364
