760fa662-89cf-4ebd-9664-150b7637ddd4
7644015dc79ec4f879cfd9bff0b944839e39a226b54306ce4c2ae77bc32b75f7d1ba5f68709678c61c8c788225ceb683492176256b2eb4e72b6024b2f8f1ff00
