760fa662-89cf-4ebd-9664-150b7637ddd4
2cb1f6e55ddb3838a7a6d71189f50c68aa80bca812cfd379663040d091742f1a80ae1d84bd4f0a3bcda888a6806603c44b68b3136707d3e0b5d1cf9b5d5d3224
