760fa662-89cf-4ebd-9664-150b7637ddd4
93475193b559ac0350cdac1b2083e293fbac1d07616708985541af7dd9ca83a90ccc2ba1d1a0ccaf5cec21b6f1833223d9d2eff7dbf4fb66819070a344ffd289
