760fa662-89cf-4ebd-9664-150b7637ddd4
4ccafc33b9d1c1696f5560b6afb467562a2525658a010e30b00271d519d9ad74e412ca6bfaac398e514c77f04ccfa73af9c3b711308dbcc2bd155d2021037809
