760fa662-89cf-4ebd-9664-150b7637ddd4
47f2f78fe1e8bdec7ad46725501071e0609c6f8bd57a1b38e628fcda82ed30de05b2a058ca89300049360189c124e139fc49c0235b5eaaac5bc898774f47b0b1
