760fa662-89cf-4ebd-9664-150b7637ddd4
fe30f6ee91779f4c93b45c93c969012c67f116ff5dec871800928470701c064024dc299acfa538c48aad5314ab718dfc8b14f8ef0f6c80b2b22ec4baae4f7b88
