760fa662-89cf-4ebd-9664-150b7637ddd4
0f85e2739bdd8dec4ec4ddb21bfa7c3bb599508a05e2a0952459ee0256d2fb7ed74c0decada83c61572ac9fb8f927a006545176ed742b81704da060a62bc46cf
