760fa662-89cf-4ebd-9664-150b7637ddd4
02adb3b629e9034c9e9e8320faad12e516a6caccef2436e50c9950522c3ae14b7466bf72fda5110330aa2644bb262582ff90a51f2b07d41cf8477a2b20736dc2
